app/checkout/page.tsx(30,18): error TS2345: Argument of type '"/api/auth/signin?callbackUrl=/checkout"' is not assignable to parameter of type 'RouteImpl<"/api/auth/signin?callbackUrl=/checkout">'.
app/checkout/page.tsx(86,35): error TS2322: Type '"/cart"' is not assignable to type 'UrlObject | RouteImpl<"/cart">'.
app/checkout/success/[orderId]/page.tsx(140,25): error TS2322: Type '"/dashboard"' is not assignable to type 'UrlObject | RouteImpl<"/dashboard">'.
app/orders/page.tsx(24,22): error TS2345: Argument of type '"/login?callbackUrl=/orders"' is not assignable to parameter of type 'RouteImpl<"/login?callbackUrl=/orders">'.
app/page.tsx(86,17): error TS2322: Type '`/sellers/${string}`' is not assignable to type 'UrlObject | RouteImpl<`/sellers/${string}`>'.
app/sellers/[id]/page.tsx(25,14): error TS2345: Argument of type '"/sellers/dashboard"' is not assignable to parameter of type 'RouteImpl<"/sellers/dashboard">'.
app/sellers/[id]/page.tsx(101,23): error TS2322: Type '`/product/${string}`' is not assignable to type 'UrlObject | RouteImpl<`/product/${string}`>'.
app/sellers/dashboard/page.tsx(18,14): error TS2345: Argument of type '"/login"' is not assignable to parameter of type 'RouteImpl<"/login">'.
app/sellers/page.tsx(27,17): error TS2322: Type '`/sellers/${string} `' is not assignable to type 'UrlObject | RouteImpl<`/sellers/${string} `>'.
app/ui/artisans/ProductCard.tsx(36,11): error TS2322: Type '`/product/${string}`' is not assignable to type 'UrlObject | RouteImpl<`/product/${string}`>'.
app/ui/artisans/ProductCard.tsx(51,9): error TS2322: Type '`/sellers/${string}`' is not assignable to type 'UrlObject | RouteImpl<`/sellers/${string}`>'.
app/ui/artisans/Sidebar.tsx(21,17): error TS2345: Argument of type '`${string}?${string}`' is not assignable to parameter of type 'RouteImpl<`${string}?${string}`>'.
app/ui/artisans/Sidebar.tsx(37,17): error TS2345: Argument of type '`${string}?${string}`' is not assignable to parameter of type 'RouteImpl<`${string}?${string}`>'.
app/ui/checkout/CheckoutForm.tsx(76,29): error TS2345: Argument of type '`/checkout/success/${string}`' is not assignable to parameter of type 'RouteImpl<`/checkout/success/${string}`>'.
app/ui/checkout/ShippingForm.tsx(67,64): error TS2339: Property 'errors' does not exist on type 'ZodError<{ firstName: string; lastName: string; address: string; city: string; postalCode: string; country: string; }>'.
app/ui/navbar.tsx(141,15): error TS2322: Type '"/cart"' is not assignable to type 'UrlObject | RouteImpl<"/cart">'.
auth.ts(18,3): error TS2322: Type 'import("C:/Users/BLUELABEL-PROGRAMMER/Desktop/BYUI/WDD440/WDD-430-team-16/node_modules/@auth/prisma-adapter/node_modules/@auth/core/adapters").Adapter' is not assignable to type 'import("C:/Users/BLUELABEL-PROGRAMMER/Desktop/BYUI/WDD440/WDD-430-team-16/node_modules/@auth/core/adapters").Adapter'.
  Types of property 'createUser' are incompatible.
    Type '((user: import("C:/Users/BLUELABEL-PROGRAMMER/Desktop/BYUI/WDD440/WDD-430-team-16/node_modules/@auth/prisma-adapter/node_modules/@auth/core/adapters").AdapterUser) => import("C:/Users/BLUELABEL-PROGRAMMER/Desktop/BYUI/WDD440/WDD-430-team-16/node_modules/@auth/prisma-adapter/node_modules/@auth/core/types").Awaitable<...' is not assignable to type '((user: import("C:/Users/BLUELABEL-PROGRAMMER/Desktop/BYUI/WDD440/WDD-430-team-16/node_modules/@auth/core/adapters").AdapterUser) => import("C:/Users/BLUELABEL-PROGRAMMER/Desktop/BYUI/WDD440/WDD-430-team-16/node_modules/@auth/core/types").Awaitable<import("C:/Users/BLUELABEL-PROGRAMMER/Desktop/BYUI/WDD440/WDD-430-te...'.
      Type '(user: import("C:/Users/BLUELABEL-PROGRAMMER/Desktop/BYUI/WDD440/WDD-430-team-16/node_modules/@auth/prisma-adapter/node_modules/@auth/core/adapters").AdapterUser) => import("C:/Users/BLUELABEL-PROGRAMMER/Desktop/BYUI/WDD440/WDD-430-team-16/node_modules/@auth/prisma-adapter/node_modules/@auth/core/types").Awaitable<....' is not assignable to type '(user: import("C:/Users/BLUELABEL-PROGRAMMER/Desktop/BYUI/WDD440/WDD-430-team-16/node_modules/@auth/core/adapters").AdapterUser) => import("C:/Users/BLUELABEL-PROGRAMMER/Desktop/BYUI/WDD440/WDD-430-team-16/node_modules/@auth/core/types").Awaitable<import("C:/Users/BLUELABEL-PROGRAMMER/Desktop/BYUI/WDD440/WDD-430-tea...'.
        Type 'import("C:/Users/BLUELABEL-PROGRAMMER/Desktop/BYUI/WDD440/WDD-430-team-16/node_modules/@auth/prisma-adapter/node_modules/@auth/core/types").Awaitable<import("C:/Users/BLUELABEL-PROGRAMMER/Desktop/BYUI/WDD440/WDD-430-team-16/node_modules/@auth/prisma-adapter/node_modules/@auth/core/adapters").AdapterUser>' is not assignable to type 'import("C:/Users/BLUELABEL-PROGRAMMER/Desktop/BYUI/WDD440/WDD-430-team-16/node_modules/@auth/core/types").Awaitable<import("C:/Users/BLUELABEL-PROGRAMMER/Desktop/BYUI/WDD440/WDD-430-team-16/node_modules/@auth/core/adapters").AdapterUser>'.
          Type 'AdapterUser' is not assignable to type 'Awaitable<AdapterUser>'.
            Type 'AdapterUser' is missing the following properties from type 'AdapterUser': role, onboardingCompleted
